// Jest Snapshot v1, https://goo.gl/fbAQLP

exports[`renders children correctly 1`] = `
<div>
  <div
    class="root"
  >
    <div
      class="container"
    >
      <div
        class="root"
        role="navigation"
      >
        <a
          class="link"
          href="/about"
        >
          About
        </a>
        <a
          class="link"
          href="/contact"
        >
          Contact
        </a>
        <span
          class="spacer"
        >
           | 
        </span>
        <a
          class="link"
          href="/login"
        >
          Log in
        </a>
        <span
          class="spacer"
        >
          or
        </span>
        <a
          class="link highlight"
          href="/register"
        >
          Sign up
        </a>
      </div>
      <a
        class="brand"
        href="/"
      >
        <img
          alt="React"
          height="38"
          src="logo-small.png"
          srcset="logo-small@2x.png 2x"
          width="38"
        />
        <span
          class="brandTxt"
        >
          Your Company
        </span>
      </a>
      <div
        class="banner"
      >
        <h1
          class="bannerTitle"
        >
          React
        </h1>
        <p
          class="bannerDesc"
        >
          Complex web apps made easy
        </p>
      </div>
    </div>
  </div>
  <div
    class="child"
  />
  <div
    class="root"
  >
    <div
      class="container"
    >
      <a
        class="link"
        href="https://gitter.im/kriasoft/react-starter-kit"
      >
        Ask a question
      </a>
      <span
        class="spacer"
      >
        |
      </span>
      <a
        class="link"
        href="https://github.com/kriasoft/react-starter-kit/issues/new"
      >
        Report an issue
      </a>
    </div>
  </div>
  <div
    class="root"
  >
    <div
      class="container"
    >
      <span
        class="text"
      >
        © Your Company
      </span>
      <span
        class="spacer"
      >
        ·
      </span>
      <a
        class="link"
        href="/"
      >
        Home
      </a>
      <span
        class="spacer"
      >
        ·
      </span>
      <a
        class="link"
        href="/admin"
      >
        Admin
      </a>
      <span
        class="spacer"
      >
        ·
      </span>
      <a
        class="link"
        href="/privacy"
      >
        Privacy
      </a>
      <span
        class="spacer"
      >
        ·
      </span>
      <a
        class="link"
        href="/not-found"
      >
        Not Found
      </a>
    </div>
  </div>
</div>
`;
