// Jest Snapshot v1, https://goo.gl/fbAQLP

exports[`Layout renders children correctly 1`] = `
<div>
  <Header.tsx
    testingProps="Sri Kanya"
  />
  <div
    className="child"
  />
  <div
    className="root"
  >
    <div
      className="container"
    >
      <a
        className="link"
        href="https://gitter.im/kriasoft/react-starter-kit"
      >
        Ask a question
      </a>
      <span
        className="spacer"
      >
        |
      </span>
      <a
        className="link"
        href="https://github.com/kriasoft/react-starter-kit/issues/new"
      >
        Report an issue
      </a>
    </div>
  </div>
  <div
    className="root"
  >
    <div
      className="container"
    >
      <span
        className="text"
      >
        © Your Company
      </span>
      <span
        className="spacer"
      >
        ·
      </span>
      <a
        className="link"
        href="/"
        onClick={[Function]}
      >
        Home
      </a>
      <span
        className="spacer"
      >
        ·
      </span>
      <a
        className="link"
        href="/admin"
        onClick={[Function]}
      >
        Admin
      </a>
      <span
        className="spacer"
      >
        ·
      </span>
      <a
        className="link"
        href="/privacy"
        onClick={[Function]}
      >
        Privacy
      </a>
      <span
        className="spacer"
      >
        ·
      </span>
      <a
        className="link"
        href="/not-found"
        onClick={[Function]}
      >
        Not Found
      </a>
    </div>
  </div>
</div>
`;
